[0.225s] DEBUG:colcon:Command line arguments: ['/usr/bin/colcon', 'build', '--packages-select', 'ntu_robotsim']
[0.225s] DEBUG:colcon:Parsed command line arguments: Namespace(log_base=None, log_level=None, verb_name='build', build_base='build', install_base='install', merge_install=False, symlink_install=False, test_result_base=None, continue_on_error=False, executor='parallel', parallel_workers=16, event_handlers=None, ignore_user_meta=False, metas=['./colcon.meta'], base_paths=['.'], packages_ignore=None, packages_ignore_regex=None, paths=None, packages_up_to=None, packages_up_to_regex=None, packages_above=None, packages_above_and_dependencies=None, packages_above_depth=None, packages_select_by_dep=None, packages_skip_by_dep=None, packages_skip_up_to=None, packages_select_build_failed=False, packages_skip_build_finished=False, packages_select_test_failures=False, packages_skip_test_passed=False, packages_select=['ntu_robotsim'], packages_skip=None, packages_select_regex=None, packages_skip_regex=None, packages_start=None, packages_end=None, cmake_args=None, cmake_target=None, cmake_target_skip_unavailable=False, cmake_clean_cache=False, cmake_clean_first=False, cmake_force_configure=False, ament_cmake_args=None, catkin_cmake_args=None, catkin_skip_building_tests=False, verb_parser=<colcon_defaults.argument_parser.defaults.DefaultArgumentsDecorator object at 0x74925a3fb070>, verb_extension=<colcon_core.verb.build.BuildVerb object at 0x74925a3fab60>, main=<bound method BuildVerb.main of <colcon_core.verb.build.BuildVerb object at 0x74925a3fab60>>)
[0.557s] Level 1:colcon.colcon_core.package_discovery:discover_packages(colcon_meta) check parameters
[0.557s] Level 1:colcon.colcon_core.package_discovery:discover_packages(recursive) check parameters
[0.557s] Level 1:colcon.colcon_core.package_discovery:discover_packages(ignore) check parameters
[0.557s] Level 1:colcon.colcon_core.package_discovery:discover_packages(path) check parameters
[0.557s] Level 1:colcon.colcon_core.package_discovery:discover_packages(colcon_meta) discover
[0.557s] Level 1:colcon.colcon_core.package_discovery:discover_packages(recursive) discover
[0.557s] INFO:colcon.colcon_core.package_discovery:Crawling recursively for packages in '/home/ntu-user/ros2_ws/src/ntu_robotsim_nav2/ntu_robotsim'
[0.557s] Level 1:colcon.colcon_core.package_identification:_identify(.) by extensions ['ignore', 'ignore_ament_install']
[0.557s] Level 1:colcon.colcon_core.package_identification:_identify(.) by extension 'ignore'
[0.557s] Level 1:colcon.colcon_core.package_identification:_identify(.) by extension 'ignore_ament_install'
[0.557s] Level 1:colcon.colcon_core.package_identification:_identify(.) by extensions ['colcon_pkg']
[0.557s] Level 1:colcon.colcon_core.package_identification:_identify(.) by extension 'colcon_pkg'
[0.558s] Level 1:colcon.colcon_core.package_identification:_identify(.) by extensions ['colcon_meta']
[0.558s] Level 1:colcon.colcon_core.package_identification:_identify(.) by extension 'colcon_meta'
[0.558s] Level 1:colcon.colcon_core.package_identification:_identify(.) by extensions ['ros']
[0.558s] Level 1:colcon.colcon_core.package_identification:_identify(.) by extension 'ros'
[0.575s] DEBUG:colcon.colcon_core.package_identification:Package '.' with type 'ros.ament_cmake' and name 'ntu_robotsim'
[0.575s] Level 1:colcon.colcon_core.package_discovery:discover_packages(recursive) using defaults
[0.575s] Level 1:colcon.colcon_core.package_discovery:discover_packages(ignore) discover
[0.575s] Level 1:colcon.colcon_core.package_discovery:discover_packages(ignore) using defaults
[0.575s] Level 1:colcon.colcon_core.package_discovery:discover_packages(path) discover
[0.575s] Level 1:colcon.colcon_core.package_discovery:discover_packages(path) using defaults
[0.603s] Level 5:colcon.colcon_core.verb:set package 'ntu_robotsim' build argument 'cmake_args' from command line to 'None'
[0.603s] Level 5:colcon.colcon_core.verb:set package 'ntu_robotsim' build argument 'cmake_target' from command line to 'None'
[0.603s] Level 5:colcon.colcon_core.verb:set package 'ntu_robotsim' build argument 'cmake_target_skip_unavailable' from command line to 'False'
[0.603s] Level 5:colcon.colcon_core.verb:set package 'ntu_robotsim' build argument 'cmake_clean_cache' from command line to 'False'
[0.604s] Level 5:colcon.colcon_core.verb:set package 'ntu_robotsim' build argument 'cmake_clean_first' from command line to 'False'
[0.604s] Level 5:colcon.colcon_core.verb:set package 'ntu_robotsim' build argument 'cmake_force_configure' from command line to 'False'
[0.604s] Level 5:colcon.colcon_core.verb:set package 'ntu_robotsim' build argument 'ament_cmake_args' from command line to 'None'
[0.604s] Level 5:colcon.colcon_core.verb:set package 'ntu_robotsim' build argument 'catkin_cmake_args' from command line to 'None'
[0.604s] Level 5:colcon.colcon_core.verb:set package 'ntu_robotsim' build argument 'catkin_skip_building_tests' from command line to 'False'
[0.604s] DEBUG:colcon.colcon_core.verb:Building package 'ntu_robotsim' with the following arguments: {'ament_cmake_args': None, 'build_base': '/home/ntu-user/ros2_ws/src/ntu_robotsim_nav2/ntu_robotsim/build/ntu_robotsim', 'catkin_cmake_args': None, 'catkin_skip_building_tests': False, 'cmake_args': None, 'cmake_clean_cache': False, 'cmake_clean_first': False, 'cmake_force_configure': False, 'cmake_target': None, 'cmake_target_skip_unavailable': False, 'install_base': '/home/ntu-user/ros2_ws/src/ntu_robotsim_nav2/ntu_robotsim/install/ntu_robotsim', 'merge_install': False, 'path': '/home/ntu-user/ros2_ws/src/ntu_robotsim_nav2/ntu_robotsim', 'symlink_install': False, 'test_result_base': None}
[0.604s] INFO:colcon.colcon_core.executor:Executing jobs using 'parallel' executor
[0.605s] DEBUG:colcon.colcon_parallel_executor.executor.parallel:run_until_complete
[0.605s] INFO:colcon.colcon_ros.task.ament_cmake.build:Building ROS package in '/home/ntu-user/ros2_ws/src/ntu_robotsim_nav2/ntu_robotsim' with build type 'ament_cmake'
[0.605s] INFO:colcon.colcon_cmake.task.cmake.build:Building CMake package in '/home/ntu-user/ros2_ws/src/ntu_robotsim_nav2/ntu_robotsim'
[0.611s] INFO:colcon.colcon_core.plugin_system:Skipping extension 'colcon_core.shell.bat': Not used on non-Windows systems
[0.611s] INFO:colcon.colcon_core.shell:Skip shell extension 'powershell' for command environment: Not usable outside of PowerShell
[0.611s] DEBUG:colcon.colcon_core.shell:Skip shell extension 'dsv' for command environment
[0.635s] DEBUG:colcon.colcon_core.event_handler.log_command:Invoking command in '/home/ntu-user/ros2_ws/src/ntu_robotsim_nav2/ntu_robotsim/build/ntu_robotsim': CMAKE_PREFIX_PATH=${CMAKE_PREFIX_PATH}:/opt/ros/humble /usr/bin/cmake /home/ntu-user/ros2_ws/src/ntu_robotsim_nav2/ntu_robotsim -DCMAKE_INSTALL_PREFIX=/home/ntu-user/ros2_ws/src/ntu_robotsim_nav2/ntu_robotsim/install/ntu_robotsim
[1.489s] DEBUG:colcon.colcon_core.event_handler.log_command:Invoked command in '/home/ntu-user/ros2_ws/src/ntu_robotsim_nav2/ntu_robotsim/build/ntu_robotsim' returned '0': CMAKE_PREFIX_PATH=${CMAKE_PREFIX_PATH}:/opt/ros/humble /usr/bin/cmake /home/ntu-user/ros2_ws/src/ntu_robotsim_nav2/ntu_robotsim -DCMAKE_INSTALL_PREFIX=/home/ntu-user/ros2_ws/src/ntu_robotsim_nav2/ntu_robotsim/install/ntu_robotsim
[1.491s] DEBUG:colcon.colcon_core.event_handler.log_command:Invoking command in '/home/ntu-user/ros2_ws/src/ntu_robotsim_nav2/ntu_robotsim/build/ntu_robotsim': CMAKE_PREFIX_PATH=${CMAKE_PREFIX_PATH}:/opt/ros/humble /usr/bin/cmake --build /home/ntu-user/ros2_ws/src/ntu_robotsim_nav2/ntu_robotsim/build/ntu_robotsim -- -j16 -l16
[1.518s] DEBUG:colcon.colcon_core.event_handler.log_command:Invoked command in '/home/ntu-user/ros2_ws/src/ntu_robotsim_nav2/ntu_robotsim/build/ntu_robotsim' returned '0': CMAKE_PREFIX_PATH=${CMAKE_PREFIX_PATH}:/opt/ros/humble /usr/bin/cmake --build /home/ntu-user/ros2_ws/src/ntu_robotsim_nav2/ntu_robotsim/build/ntu_robotsim -- -j16 -l16
[1.526s] DEBUG:colcon.colcon_core.event_handler.log_command:Invoking command in '/home/ntu-user/ros2_ws/src/ntu_robotsim_nav2/ntu_robotsim/build/ntu_robotsim': CMAKE_PREFIX_PATH=${CMAKE_PREFIX_PATH}:/opt/ros/humble /usr/bin/cmake --install /home/ntu-user/ros2_ws/src/ntu_robotsim_nav2/ntu_robotsim/build/ntu_robotsim
[1.560s] Level 1:colcon.colcon_core.environment:create_environment_scripts_only(ntu_robotsim)
[1.560s] DEBUG:colcon.colcon_core.event_handler.log_command:Invoked command in '/home/ntu-user/ros2_ws/src/ntu_robotsim_nav2/ntu_robotsim/build/ntu_robotsim' returned '0': CMAKE_PREFIX_PATH=${CMAKE_PREFIX_PATH}:/opt/ros/humble /usr/bin/cmake --install /home/ntu-user/ros2_ws/src/ntu_robotsim_nav2/ntu_robotsim/build/ntu_robotsim
[1.566s] Level 1:colcon.colcon_core.environment:checking '/home/ntu-user/ros2_ws/src/ntu_robotsim_nav2/ntu_robotsim/install/ntu_robotsim' for CMake module files
[1.567s] Level 1:colcon.colcon_core.environment:checking '/home/ntu-user/ros2_ws/src/ntu_robotsim_nav2/ntu_robotsim/install/ntu_robotsim' for CMake config files
[1.567s] Level 1:colcon.colcon_core.shell:create_environment_hook('ntu_robotsim', 'cmake_prefix_path')
[1.567s] INFO:colcon.colcon_core.shell:Creating environment hook '/home/ntu-user/ros2_ws/src/ntu_robotsim_nav2/ntu_robotsim/install/ntu_robotsim/share/ntu_robotsim/hook/cmake_prefix_path.ps1'
[1.568s] INFO:colcon.colcon_core.shell:Creating environment descriptor '/home/ntu-user/ros2_ws/src/ntu_robotsim_nav2/ntu_robotsim/install/ntu_robotsim/share/ntu_robotsim/hook/cmake_prefix_path.dsv'
[1.569s] INFO:colcon.colcon_core.shell:Creating environment hook '/home/ntu-user/ros2_ws/src/ntu_robotsim_nav2/ntu_robotsim/install/ntu_robotsim/share/ntu_robotsim/hook/cmake_prefix_path.sh'
[1.570s] Level 1:colcon.colcon_core.environment:checking '/home/ntu-user/ros2_ws/src/ntu_robotsim_nav2/ntu_robotsim/install/ntu_robotsim/bin'
[1.570s] Level 1:colcon.colcon_core.environment:checking '/home/ntu-user/ros2_ws/src/ntu_robotsim_nav2/ntu_robotsim/install/ntu_robotsim/lib/pkgconfig/ntu_robotsim.pc'
[1.571s] Level 1:colcon.colcon_core.environment:checking '/home/ntu-user/ros2_ws/src/ntu_robotsim_nav2/ntu_robotsim/install/ntu_robotsim/lib/python3.10/site-packages'
[1.571s] Level 1:colcon.colcon_core.environment:checking '/home/ntu-user/ros2_ws/src/ntu_robotsim_nav2/ntu_robotsim/install/ntu_robotsim/bin'
[1.571s] INFO:colcon.colcon_core.shell:Creating package script '/home/ntu-user/ros2_ws/src/ntu_robotsim_nav2/ntu_robotsim/install/ntu_robotsim/share/ntu_robotsim/package.ps1'
[1.572s] INFO:colcon.colcon_core.shell:Creating package descriptor '/home/ntu-user/ros2_ws/src/ntu_robotsim_nav2/ntu_robotsim/install/ntu_robotsim/share/ntu_robotsim/package.dsv'
[1.573s] INFO:colcon.colcon_core.shell:Creating package script '/home/ntu-user/ros2_ws/src/ntu_robotsim_nav2/ntu_robotsim/install/ntu_robotsim/share/ntu_robotsim/package.sh'
[1.582s] INFO:colcon.colcon_core.shell:Creating package script '/home/ntu-user/ros2_ws/src/ntu_robotsim_nav2/ntu_robotsim/install/ntu_robotsim/share/ntu_robotsim/package.bash'
[1.583s] INFO:colcon.colcon_core.shell:Creating package script '/home/ntu-user/ros2_ws/src/ntu_robotsim_nav2/ntu_robotsim/install/ntu_robotsim/share/ntu_robotsim/package.zsh'
[1.584s] Level 1:colcon.colcon_core.environment:create_file_with_runtime_dependencies(/home/ntu-user/ros2_ws/src/ntu_robotsim_nav2/ntu_robotsim/install/ntu_robotsim/share/colcon-core/packages/ntu_robotsim)
[1.585s] Level 1:colcon.colcon_core.environment:create_environment_scripts_only(ntu_robotsim)
[1.586s] Level 1:colcon.colcon_core.environment:checking '/home/ntu-user/ros2_ws/src/ntu_robotsim_nav2/ntu_robotsim/install/ntu_robotsim' for CMake module files
[1.586s] Level 1:colcon.colcon_core.environment:checking '/home/ntu-user/ros2_ws/src/ntu_robotsim_nav2/ntu_robotsim/install/ntu_robotsim' for CMake config files
[1.586s] Level 1:colcon.colcon_core.shell:create_environment_hook('ntu_robotsim', 'cmake_prefix_path')
[1.586s] INFO:colcon.colcon_core.shell:Creating environment hook '/home/ntu-user/ros2_ws/src/ntu_robotsim_nav2/ntu_robotsim/install/ntu_robotsim/share/ntu_robotsim/hook/cmake_prefix_path.ps1'
[1.586s] INFO:colcon.colcon_core.shell:Creating environment descriptor '/home/ntu-user/ros2_ws/src/ntu_robotsim_nav2/ntu_robotsim/install/ntu_robotsim/share/ntu_robotsim/hook/cmake_prefix_path.dsv'
[1.587s] INFO:colcon.colcon_core.shell:Creating environment hook '/home/ntu-user/ros2_ws/src/ntu_robotsim_nav2/ntu_robotsim/install/ntu_robotsim/share/ntu_robotsim/hook/cmake_prefix_path.sh'
[1.587s] Level 1:colcon.colcon_core.environment:checking '/home/ntu-user/ros2_ws/src/ntu_robotsim_nav2/ntu_robotsim/install/ntu_robotsim/bin'
[1.587s] Level 1:colcon.colcon_core.environment:checking '/home/ntu-user/ros2_ws/src/ntu_robotsim_nav2/ntu_robotsim/install/ntu_robotsim/lib/pkgconfig/ntu_robotsim.pc'
[1.587s] Level 1:colcon.colcon_core.environment:checking '/home/ntu-user/ros2_ws/src/ntu_robotsim_nav2/ntu_robotsim/install/ntu_robotsim/lib/python3.10/site-packages'
[1.587s] Level 1:colcon.colcon_core.environment:checking '/home/ntu-user/ros2_ws/src/ntu_robotsim_nav2/ntu_robotsim/install/ntu_robotsim/bin'
[1.588s] INFO:colcon.colcon_core.shell:Creating package script '/home/ntu-user/ros2_ws/src/ntu_robotsim_nav2/ntu_robotsim/install/ntu_robotsim/share/ntu_robotsim/package.ps1'
[1.588s] INFO:colcon.colcon_core.shell:Creating package descriptor '/home/ntu-user/ros2_ws/src/ntu_robotsim_nav2/ntu_robotsim/install/ntu_robotsim/share/ntu_robotsim/package.dsv'
[1.588s] INFO:colcon.colcon_core.shell:Creating package script '/home/ntu-user/ros2_ws/src/ntu_robotsim_nav2/ntu_robotsim/install/ntu_robotsim/share/ntu_robotsim/package.sh'
[1.588s] INFO:colcon.colcon_core.shell:Creating package script '/home/ntu-user/ros2_ws/src/ntu_robotsim_nav2/ntu_robotsim/install/ntu_robotsim/share/ntu_robotsim/package.bash'
[1.589s] INFO:colcon.colcon_core.shell:Creating package script '/home/ntu-user/ros2_ws/src/ntu_robotsim_nav2/ntu_robotsim/install/ntu_robotsim/share/ntu_robotsim/package.zsh'
[1.589s] Level 1:colcon.colcon_core.environment:create_file_with_runtime_dependencies(/home/ntu-user/ros2_ws/src/ntu_robotsim_nav2/ntu_robotsim/install/ntu_robotsim/share/colcon-core/packages/ntu_robotsim)
[1.589s] DEBUG:colcon.colcon_parallel_executor.executor.parallel:closing loop
[1.590s] DEBUG:colcon.colcon_parallel_executor.executor.parallel:loop closed
[1.590s] DEBUG:colcon.colcon_parallel_executor.executor.parallel:run_until_complete finished with '0'
[1.590s] DEBUG:colcon.colcon_core.event_reactor:joining thread
[1.601s] INFO:colcon.colcon_core.plugin_system:Skipping extension 'colcon_notification.desktop_notification.notify_send': Could not find 'notify-send'
[1.601s] INFO:colcon.colcon_core.plugin_system:Skipping extension 'colcon_notification.desktop_notification.terminal_notifier': Not used on non-Darwin systems
[1.601s] INFO:colcon.colcon_core.plugin_system:Skipping extension 'colcon_notification.desktop_notification.win32': Not used on non-Windows systems
[1.601s] INFO:colcon.colcon_notification.desktop_notification:Sending desktop notification using 'notify2'
[1.614s] DEBUG:colcon.colcon_core.event_reactor:joined thread
[1.614s] INFO:colcon.colcon_core.shell:Creating prefix script '/home/ntu-user/ros2_ws/src/ntu_robotsim_nav2/ntu_robotsim/install/local_setup.ps1'
[1.615s] INFO:colcon.colcon_core.shell:Creating prefix util module '/home/ntu-user/ros2_ws/src/ntu_robotsim_nav2/ntu_robotsim/install/_local_setup_util_ps1.py'
[1.616s] INFO:colcon.colcon_core.shell:Creating prefix chain script '/home/ntu-user/ros2_ws/src/ntu_robotsim_nav2/ntu_robotsim/install/setup.ps1'
[1.618s] INFO:colcon.colcon_core.shell:Creating prefix script '/home/ntu-user/ros2_ws/src/ntu_robotsim_nav2/ntu_robotsim/install/local_setup.sh'
[1.618s] INFO:colcon.colcon_core.shell:Creating prefix util module '/home/ntu-user/ros2_ws/src/ntu_robotsim_nav2/ntu_robotsim/install/_local_setup_util_sh.py'
[1.619s] INFO:colcon.colcon_core.shell:Creating prefix chain script '/home/ntu-user/ros2_ws/src/ntu_robotsim_nav2/ntu_robotsim/install/setup.sh'
[1.620s] INFO:colcon.colcon_core.shell:Creating prefix script '/home/ntu-user/ros2_ws/src/ntu_robotsim_nav2/ntu_robotsim/install/local_setup.bash'
[1.621s] INFO:colcon.colcon_core.shell:Creating prefix chain script '/home/ntu-user/ros2_ws/src/ntu_robotsim_nav2/ntu_robotsim/install/setup.bash'
[1.622s] INFO:colcon.colcon_core.shell:Creating prefix script '/home/ntu-user/ros2_ws/src/ntu_robotsim_nav2/ntu_robotsim/install/local_setup.zsh'
[1.622s] INFO:colcon.colcon_core.shell:Creating prefix chain script '/home/ntu-user/ros2_ws/src/ntu_robotsim_nav2/ntu_robotsim/install/setup.zsh'
