[0.029s] Invoking command in '/home/ntu-user/ros2_ws/src/ntu_robotsim_nav2/ntu_robotsim/build/ntu_robotsim': CMAKE_PREFIX_PATH=${CMAKE_PREFIX_PATH}:/opt/ros/humble /usr/bin/cmake /home/ntu-user/ros2_ws/src/ntu_robotsim_nav2/ntu_robotsim -DCMAKE_INSTALL_PREFIX=/home/ntu-user/ros2_ws/src/ntu_robotsim_nav2/ntu_robotsim/install/ntu_robotsim
[0.221s] -- The C compiler identification is GNU 11.4.0
[0.339s] -- The CXX compiler identification is GNU 11.4.0
[0.351s] -- Detecting C compiler ABI info
[0.422s] -- Detecting C compiler ABI info - done
[0.427s] -- Check for working C compiler: /usr/bin/cc - skipped
[0.427s] -- Detecting C compile features
[0.428s] -- Detecting C compile features - done
[0.432s] -- Detecting CXX compiler ABI info
[0.499s] -- Detecting CXX compiler ABI info - done
[0.505s] -- Check for working CXX compiler: /usr/bin/c++ - skipped
[0.505s] -- Detecting CXX compile features
[0.505s] -- Detecting CXX compile features - done
[0.552s] -- Found ament_cmake: 1.3.11 (/opt/ros/humble/share/ament_cmake/cmake)
[0.677s] -- Found Python3: /usr/bin/python3 (found version "3.10.12") found components: Interpreter 
[0.873s] -- Configuring done
[0.878s] -- Generating done
[0.880s] -- Build files have been written to: /home/ntu-user/ros2_ws/src/ntu_robotsim_nav2/ntu_robotsim/build/ntu_robotsim
[0.883s] Invoked command in '/home/ntu-user/ros2_ws/src/ntu_robotsim_nav2/ntu_robotsim/build/ntu_robotsim' returned '0': CMAKE_PREFIX_PATH=${CMAKE_PREFIX_PATH}:/opt/ros/humble /usr/bin/cmake /home/ntu-user/ros2_ws/src/ntu_robotsim_nav2/ntu_robotsim -DCMAKE_INSTALL_PREFIX=/home/ntu-user/ros2_ws/src/ntu_robotsim_nav2/ntu_robotsim/install/ntu_robotsim
[0.886s] Invoking command in '/home/ntu-user/ros2_ws/src/ntu_robotsim_nav2/ntu_robotsim/build/ntu_robotsim': CMAKE_PREFIX_PATH=${CMAKE_PREFIX_PATH}:/opt/ros/humble /usr/bin/cmake --build /home/ntu-user/ros2_ws/src/ntu_robotsim_nav2/ntu_robotsim/build/ntu_robotsim -- -j16 -l16
[0.913s] Invoked command in '/home/ntu-user/ros2_ws/src/ntu_robotsim_nav2/ntu_robotsim/build/ntu_robotsim' returned '0': CMAKE_PREFIX_PATH=${CMAKE_PREFIX_PATH}:/opt/ros/humble /usr/bin/cmake --build /home/ntu-user/ros2_ws/src/ntu_robotsim_nav2/ntu_robotsim/build/ntu_robotsim -- -j16 -l16
[0.921s] Invoking command in '/home/ntu-user/ros2_ws/src/ntu_robotsim_nav2/ntu_robotsim/build/ntu_robotsim': CMAKE_PREFIX_PATH=${CMAKE_PREFIX_PATH}:/opt/ros/humble /usr/bin/cmake --install /home/ntu-user/ros2_ws/src/ntu_robotsim_nav2/ntu_robotsim/build/ntu_robotsim
[0.926s] -- Install configuration: ""
[0.926s] -- Installing: /home/ntu-user/ros2_ws/src/ntu_robotsim_nav2/ntu_robotsim/install/ntu_robotsim/share/ntu_robotsim/config
[0.927s] -- Installing: /home/ntu-user/ros2_ws/src/ntu_robotsim_nav2/ntu_robotsim/install/ntu_robotsim/share/ntu_robotsim/config/nav2
[0.927s] -- Installing: /home/ntu-user/ros2_ws/src/ntu_robotsim_nav2/ntu_robotsim/install/ntu_robotsim/share/ntu_robotsim/config/nav2/nav2_params.yaml
[0.927s] -- Installing: /home/ntu-user/ros2_ws/src/ntu_robotsim_nav2/ntu_robotsim/install/ntu_robotsim/share/ntu_robotsim/config/nav2/nav2_view.rviz
[0.927s] -- Installing: /home/ntu-user/ros2_ws/src/ntu_robotsim_nav2/ntu_robotsim/install/ntu_robotsim/share/ntu_robotsim/config/nav2/amcl.yaml
[0.928s] -- Installing: /home/ntu-user/ros2_ws/src/ntu_robotsim_nav2/ntu_robotsim/install/ntu_robotsim/share/ntu_robotsim/config/single_robot_ros_gz_bridge.yaml
[0.928s] -- Installing: /home/ntu-user/ros2_ws/src/ntu_robotsim_nav2/ntu_robotsim/install/ntu_robotsim/share/ntu_robotsim/config/single_robot_maze_sim.yaml
[0.928s] -- Installing: /home/ntu-user/ros2_ws/src/ntu_robotsim_nav2/ntu_robotsim/install/ntu_robotsim/share/ntu_robotsim/config/spawn_robot.yaml
[0.929s] -- Installing: /home/ntu-user/ros2_ws/src/ntu_robotsim_nav2/ntu_robotsim/install/ntu_robotsim/share/ntu_robotsim/models
[0.929s] -- Installing: /home/ntu-user/ros2_ws/src/ntu_robotsim_nav2/ntu_robotsim/install/ntu_robotsim/share/ntu_robotsim/models/maze
[0.929s] -- Installing: /home/ntu-user/ros2_ws/src/ntu_robotsim_nav2/ntu_robotsim/install/ntu_robotsim/share/ntu_robotsim/models/maze/meshes
[0.930s] -- Installing: /home/ntu-user/ros2_ws/src/ntu_robotsim_nav2/ntu_robotsim/install/ntu_robotsim/share/ntu_robotsim/models/maze/meshes/hexagon.dae
[0.930s] -- Installing: /home/ntu-user/ros2_ws/src/ntu_robotsim_nav2/ntu_robotsim/install/ntu_robotsim/share/ntu_robotsim/models/maze/meshes/wall.dae
[0.931s] -- Installing: /home/ntu-user/ros2_ws/src/ntu_robotsim_nav2/ntu_robotsim/install/ntu_robotsim/share/ntu_robotsim/models/maze/model.config
[0.931s] -- Installing: /home/ntu-user/ros2_ws/src/ntu_robotsim_nav2/ntu_robotsim/install/ntu_robotsim/share/ntu_robotsim/models/maze/model.sdf
[0.932s] -- Installing: /home/ntu-user/ros2_ws/src/ntu_robotsim_nav2/ntu_robotsim/install/ntu_robotsim/share/ntu_robotsim/models/jetbot
[0.932s] -- Installing: /home/ntu-user/ros2_ws/src/ntu_robotsim_nav2/ntu_robotsim/install/ntu_robotsim/share/ntu_robotsim/models/jetbot/meshes
[0.933s] -- Installing: /home/ntu-user/ros2_ws/src/ntu_robotsim_nav2/ntu_robotsim/install/ntu_robotsim/share/ntu_robotsim/models/jetbot/meshes/jetbot_body.dae
[0.934s] -- Installing: /home/ntu-user/ros2_ws/src/ntu_robotsim_nav2/ntu_robotsim/install/ntu_robotsim/share/ntu_robotsim/models/jetbot/meshes/sensors
[0.934s] -- Installing: /home/ntu-user/ros2_ws/src/ntu_robotsim_nav2/ntu_robotsim/install/ntu_robotsim/share/ntu_robotsim/models/jetbot/meshes/sensors/sonar_hc-sr04.dae
[0.935s] -- Installing: /home/ntu-user/ros2_ws/src/ntu_robotsim_nav2/ntu_robotsim/install/ntu_robotsim/share/ntu_robotsim/models/jetbot/meshes/sensors/raspi_camera.dae
[0.936s] -- Installing: /home/ntu-user/ros2_ws/src/ntu_robotsim_nav2/ntu_robotsim/install/ntu_robotsim/share/ntu_robotsim/models/jetbot/meshes/front_wheel.dae
[0.938s] -- Installing: /home/ntu-user/ros2_ws/src/ntu_robotsim_nav2/ntu_robotsim/install/ntu_robotsim/share/ntu_robotsim/models/jetbot/meshes/caster_wheel.dae
[0.940s] -- Installing: /home/ntu-user/ros2_ws/src/ntu_robotsim_nav2/ntu_robotsim/install/ntu_robotsim/share/ntu_robotsim/models/jetbot/model.config
[0.940s] -- Installing: /home/ntu-user/ros2_ws/src/ntu_robotsim_nav2/ntu_robotsim/install/ntu_robotsim/share/ntu_robotsim/models/jetbot/model.sdf
[0.940s] -- Installing: /home/ntu-user/ros2_ws/src/ntu_robotsim_nav2/ntu_robotsim/install/ntu_robotsim/share/ntu_robotsim/worlds
[0.941s] -- Installing: /home/ntu-user/ros2_ws/src/ntu_robotsim_nav2/ntu_robotsim/install/ntu_robotsim/share/ntu_robotsim/worlds/maze
[0.941s] -- Installing: /home/ntu-user/ros2_ws/src/ntu_robotsim_nav2/ntu_robotsim/install/ntu_robotsim/share/ntu_robotsim/worlds/maze/maze.sdf
[0.942s] -- Installing: /home/ntu-user/ros2_ws/src/ntu_robotsim_nav2/ntu_robotsim/install/ntu_robotsim/share/ntu_robotsim/launch
[0.942s] -- Installing: /home/ntu-user/ros2_ws/src/ntu_robotsim_nav2/ntu_robotsim/install/ntu_robotsim/share/ntu_robotsim/launch/spawn_robot.launch.py
[0.942s] -- Installing: /home/ntu-user/ros2_ws/src/ntu_robotsim_nav2/ntu_robotsim/install/ntu_robotsim/share/ntu_robotsim/launch/single_robot_sim.launch.py
[0.943s] -- Installing: /home/ntu-user/ros2_ws/src/ntu_robotsim_nav2/ntu_robotsim/install/ntu_robotsim/share/ntu_robotsim/launch/navigation
[0.943s] -- Installing: /home/ntu-user/ros2_ws/src/ntu_robotsim_nav2/ntu_robotsim/install/ntu_robotsim/share/ntu_robotsim/launch/navigation/include
[0.943s] -- Installing: /home/ntu-user/ros2_ws/src/ntu_robotsim_nav2/ntu_robotsim/install/ntu_robotsim/share/ntu_robotsim/launch/navigation/include/nav2_core.launch.py
[0.944s] -- Installing: /home/ntu-user/ros2_ws/src/ntu_robotsim_nav2/ntu_robotsim/install/ntu_robotsim/share/ntu_robotsim/launch/navigation/include/amcl.launch.py
[0.944s] -- Installing: /home/ntu-user/ros2_ws/src/ntu_robotsim_nav2/ntu_robotsim/install/ntu_robotsim/share/ntu_robotsim/launch/navigation/navigation.launch.py
[0.945s] -- Installing: /home/ntu-user/ros2_ws/src/ntu_robotsim_nav2/ntu_robotsim/install/ntu_robotsim/share/ntu_robotsim/launch/maze.launch.py
[0.945s] -- Installing: /home/ntu-user/ros2_ws/src/ntu_robotsim_nav2/ntu_robotsim/install/ntu_robotsim/share/ntu_robotsim/urdf
[0.945s] -- Installing: /home/ntu-user/ros2_ws/src/ntu_robotsim_nav2/ntu_robotsim/install/ntu_robotsim/share/ntu_robotsim/urdf/jetbot.urdf
[0.946s] -- Installing: /home/ntu-user/ros2_ws/src/ntu_robotsim_nav2/ntu_robotsim/install/ntu_robotsim/share/ntu_robotsim/map
[0.946s] -- Installing: /home/ntu-user/ros2_ws/src/ntu_robotsim_nav2/ntu_robotsim/install/ntu_robotsim/share/ntu_robotsim/map/map.yaml
[0.946s] -- Installing: /home/ntu-user/ros2_ws/src/ntu_robotsim_nav2/ntu_robotsim/install/ntu_robotsim/share/ntu_robotsim/map/map.pgm
[0.947s] -- Installing: /home/ntu-user/ros2_ws/src/ntu_robotsim_nav2/ntu_robotsim/install/ntu_robotsim/share/ntu_robotsim/map/map.png
[0.948s] -- Installing: /home/ntu-user/ros2_ws/src/ntu_robotsim_nav2/ntu_robotsim/install/ntu_robotsim/share/ntu_robotsim/environment/gz_sim_resource_path.dsv
[0.948s] -- Installing: /home/ntu-user/ros2_ws/src/ntu_robotsim_nav2/ntu_robotsim/install/ntu_robotsim/share/ament_index/resource_index/package_run_dependencies/ntu_robotsim
[0.949s] -- Installing: /home/ntu-user/ros2_ws/src/ntu_robotsim_nav2/ntu_robotsim/install/ntu_robotsim/share/ament_index/resource_index/parent_prefix_path/ntu_robotsim
[0.949s] -- Installing: /home/ntu-user/ros2_ws/src/ntu_robotsim_nav2/ntu_robotsim/install/ntu_robotsim/share/ntu_robotsim/environment/ament_prefix_path.sh
[0.949s] -- Installing: /home/ntu-user/ros2_ws/src/ntu_robotsim_nav2/ntu_robotsim/install/ntu_robotsim/share/ntu_robotsim/environment/ament_prefix_path.dsv
[0.950s] -- Installing: /home/ntu-user/ros2_ws/src/ntu_robotsim_nav2/ntu_robotsim/install/ntu_robotsim/share/ntu_robotsim/environment/path.sh
[0.950s] -- Installing: /home/ntu-user/ros2_ws/src/ntu_robotsim_nav2/ntu_robotsim/install/ntu_robotsim/share/ntu_robotsim/environment/path.dsv
[0.950s] -- Installing: /home/ntu-user/ros2_ws/src/ntu_robotsim_nav2/ntu_robotsim/install/ntu_robotsim/share/ntu_robotsim/local_setup.bash
[0.951s] -- Installing: /home/ntu-user/ros2_ws/src/ntu_robotsim_nav2/ntu_robotsim/install/ntu_robotsim/share/ntu_robotsim/local_setup.sh
[0.951s] -- Installing: /home/ntu-user/ros2_ws/src/ntu_robotsim_nav2/ntu_robotsim/install/ntu_robotsim/share/ntu_robotsim/local_setup.zsh
[0.951s] -- Installing: /home/ntu-user/ros2_ws/src/ntu_robotsim_nav2/ntu_robotsim/install/ntu_robotsim/share/ntu_robotsim/local_setup.dsv
[0.951s] -- Installing: /home/ntu-user/ros2_ws/src/ntu_robotsim_nav2/ntu_robotsim/install/ntu_robotsim/share/ntu_robotsim/package.dsv
[0.952s] -- Installing: /home/ntu-user/ros2_ws/src/ntu_robotsim_nav2/ntu_robotsim/install/ntu_robotsim/share/ament_index/resource_index/packages/ntu_robotsim
[0.952s] -- Installing: /home/ntu-user/ros2_ws/src/ntu_robotsim_nav2/ntu_robotsim/install/ntu_robotsim/share/ntu_robotsim/cmake/ntu_robotsimConfig.cmake
[0.952s] -- Installing: /home/ntu-user/ros2_ws/src/ntu_robotsim_nav2/ntu_robotsim/install/ntu_robotsim/share/ntu_robotsim/cmake/ntu_robotsimConfig-version.cmake
[0.952s] -- Installing: /home/ntu-user/ros2_ws/src/ntu_robotsim_nav2/ntu_robotsim/install/ntu_robotsim/share/ntu_robotsim/package.xml
[0.955s] Invoked command in '/home/ntu-user/ros2_ws/src/ntu_robotsim_nav2/ntu_robotsim/build/ntu_robotsim' returned '0': CMAKE_PREFIX_PATH=${CMAKE_PREFIX_PATH}:/opt/ros/humble /usr/bin/cmake --install /home/ntu-user/ros2_ws/src/ntu_robotsim_nav2/ntu_robotsim/build/ntu_robotsim
